// Jest Snapshot v1, https://goo.gl/fbAQLP

exports[`Tests on HomeScreen should match with snapshot 1`] = `
<div>
  <h1>
    Home Screen
  </h1>
  <hr />
  <p>
    {
   "name": "Carlos",
   "email": "carlos@gmail.com"
}
  </p>
</div>
`;
